---
source: tests/constructs.rs
expression: "render_fixture(\"headings.org\")"
---
<h2 id="write-parser"><span class="todo TODO">TODO</span> <span class="priority">[#A]</span> Write the parser <span class="tag">work</span> <span class="tag">rust</span></h2>
<p>A heading carrying a keyword, a priority, tags and a property drawer.</p>
<h3 id="nested-and-finished"><span class="done DONE">DONE</span> Nested and finished</h3>
<p>Sub-headings nest by star count.</p>
<h3 id="priority-without-a-keyword"><span class="priority">[#C]</span> Priority without a keyword</h3>
<p>A priority cookie can stand alone.</p>
<h2 id="todos-are-not-a-keyword">TODOs are not a keyword</h2>
<p>The word boundary matters: this heading has no TODO keyword.</p>
<h2><span class="done DONE">DONE</span> </h2>
<p>A keyword with no title at all.</p>
