---
source: tests/constructs.rs
expression: "render_fixture(\"images.org\")"
---
<h2 id="bare-image">Bare image</h2>
<p><img src="diagram.png" alt=""></p>
<h2 id="captioned-figure">Captioned figure</h2>
<figure><img src="pipeline.svg" alt="The pipeline, end to end" width="640" class="diagram"><figcaption>The pipeline, end to end</figcaption></figure>
<h2 id="caption-with-markup">Caption with markup</h2>
<figure><img src="chart.png" alt="A stylised chart"><figcaption>A <em>stylised</em> chart</figcaption></figure>
<h2 id="quoted-attribute-values">Quoted attribute values</h2>
<figure><img src="cat.jpg" alt="a cat, sitting" loading="lazy"></figure>
<h2 id="image-with-a-description-is-a-link">Image with a description is a link</h2>
<p><a href="diagram.png">the diagram</a></p>
