---
source: tests/constructs.rs
expression: "render_fixture(\"blocks.org\")"
---
<h2 id="quote">Quote</h2>
<blockquote>
<p>A quoted paragraph with <em>markup</em>.</p>
<p>And a second paragraph.</p>
</blockquote>
<h2 id="center">Center</h2>
<div class="center">
<p>Centred text.</p>
</div>
<h2 id="example">Example</h2>
<pre>Verbatim *not bold* text.
  Indentation preserved.</pre>
<h2 id="export">Export</h2>
<aside class="raw">Raw HTML passes through.</aside>
<h2 id="source">Source</h2>
<pre><code class="language-python highlight"><span class="source python"><span class="meta function python"><span class="storage type function python">def</span> <span class="entity name function python"><span class="meta generic-name python">greet</span></span></span><span class="meta function parameters python"><span class="punctuation section parameters begin python">(</span></span><span class="meta function parameters python"><span class="variable parameter python">name</span><span class="punctuation section parameters end python">)</span></span><span class="meta function python"><span class="punctuation section function begin python">:</span></span>
    <span class="keyword control flow return python">return</span> <span class="storage type string python">f</span><span class="meta string interpolated python"><span class="string quoted double python"><span class="punctuation definition string begin python">&quot;</span></span></span><span class="meta string interpolated python"><span class="string quoted double python">hello </span><span class="meta interpolation python"><span class="punctuation section interpolation begin python">{</span><span class="source python embedded"><span class="meta qualified-name python"><span class="meta generic-name python">name</span></span></span></span><span class="meta interpolation python"><span class="punctuation section interpolation end python">}</span></span><span class="string quoted double python"><span class="punctuation definition string end python">&quot;</span></span></span></span></code></pre>
<pre><code class="language-none">plain block, no language</code></pre>
<h2 id="nested">Nested</h2>
<blockquote>
<p>A quote containing a source block:</p>
<pre><code class="language-sh highlight"><span class="source shell bash"><span class="meta function-call shell"><span class="support function echo shell">echo</span></span><span class="meta function-call arguments shell"> hi</span></span></code></pre>
</blockquote>
<h2 id="verse">Verse</h2>
<p class="verse">
Line breaks are the point<br>
  and indentation survives.
</p>
<h2 id="a-named-special-block">A named special block</h2>
<div class="note">
<p>Contents are <strong>org</strong>, not literal text.</p>
</div>
