---
source: tests/oracle.rs
expression: report
---
agreement: 67/77 skeleton lines (87.0%)
deliberate: 11 line(s) — pre-code ×6, semantic-emphasis ×4, verse-trailing-break ×1
unexplained: 0 line(s)
(- org-ssg, + emacs, ~ a difference we mean to have)

  <h2>
  "Quote"
  </h2>
  <blockquote>
  <p>
  "A quoted paragraph with"
~ semantic-emphasis (1 line(s))
  "markup"
~ semantic-emphasis (1 line(s))
  "."
  </p>
  <p>
  "And a second paragraph."
  </p>
  </blockquote>
  <h2>
  "Center"
  </h2>
  <p>
  "Centred text."
  </p>
  <h2>
  "Example"
  </h2>
  <pre>
  "Verbatim *not bold* text. Indentation preserved."
  </pre>
  <h2>
  "Export"
  </h2>
  <aside>
  "Raw HTML passes through."
  </aside>
  <h2>
  "Source"
  </h2>
  <pre>
~ pre-code (1 line(s))
  "def greet(name): return f\"hello {name}\""
~ pre-code (1 line(s))
  </pre>
  <pre>
~ pre-code (1 line(s))
  "plain block, no language"
~ pre-code (1 line(s))
  </pre>
  <h2>
  "Nested"
  </h2>
  <blockquote>
  <p>
  "A quote containing a source block:"
  </p>
  <pre>
~ pre-code (1 line(s))
  "echo hi"
~ pre-code (1 line(s))
  </pre>
  </blockquote>
  <h2>
  "Verse"
  </h2>
  <p>
  "Line breaks are the point"
  <br>
  "and indentation survives."
~ verse-trailing-break (1 line(s))
  </p>
  <h2>
  "A named special block"
  </h2>
  <p>
  "Contents are"
~ semantic-emphasis (1 line(s))
  "org"
~ semantic-emphasis (1 line(s))
  ", not literal text."
  </p>
