---
source: tests/oracle.rs
expression: report
---
agreement: 30/42 skeleton lines (71.4%)
deliberate: 14 line(s) — figure-element ×8, semantic-emphasis ×2
unexplained: 0 line(s)
(- orgo, + emacs, ~ a difference we mean to have)

  <h2>
  "Bare image"
  </h2>
  <p>
  <img src="diagram.png">
  </p>
  <h2>
  "Captioned figure"
  </h2>
~ figure-element (1 line(s))
  <img src="pipeline.svg">
~ figure-element (2 line(s))
  "Figure 1: The pipeline, end to end"
~ figure-element (2 line(s))
  <h2>
  "Caption with markup"
  </h2>
~ figure-element (1 line(s))
  <img src="chart.png">
~ figure-element (2 line(s))
  "Figure 2: A"
~ semantic-emphasis (1 line(s))
  "stylised"
~ semantic-emphasis (1 line(s))
  "chart"
~ figure-element (2 line(s))
  <h2>
  "Quoted attribute values"
  </h2>
~ figure-element (1 line(s))
  <img src="cat.jpg">
~ figure-element (1 line(s))
  <h2>
  "Image with a description is a link"
  </h2>
  <p>
  <a href="diagram.png">
  "the diagram"
  </a>
  </p>
