---
source: tests/oracle.rs
expression: report
---
agreement: 100/111 skeleton lines (90.1%)
(- org-ssg, + emacs)

  <h1>
  "Nesting"
  </h1>
  <ul>
  <li>
  "outer item"
  <ul>
  <li>
  "inner item"
  <ul>
  <li>
  "deepest item"
  </li>
  </ul>
  </li>
  <li>
  "second inner"
  </li>
  </ul>
  </li>
  <li>
  "second outer"
  </li>
  </ul>
  <h1>
  "Ordered"
  </h1>
  <ol>
  <li>
  "first"
  </li>
  <li>
  "second"
  <ol>
  <li>
  "second point one"
  </li>
  <li>
  "second point two"
  </li>
  </ol>
  </li>
  <li>
  "third"
  </li>
  </ol>
  <h1>
  "Checkboxes"
  </h1>
  <ul>
  <li>
- <input>
+ <code>
+ "[ ]"
+ </code>
  "not done"
  </li>
  <li>
- <input>
+ <code>
+ "[X]"
+ </code>
  "done"
  </li>
  <li>
- <input>
+ <code>
+ "[-]"
+ </code>
  "partially done"
  </li>
  </ul>
  <h1>
  "Description"
  </h1>
  <dl>
  <dt>
  "term one"
  </dt>
  <dd>
  "the first definition"
  </dd>
  <dt>
  "term two"
  </dt>
  <dd>
  "the second definition, which is soft-wrapped across two lines"
  </dd>
  <dt>
- <em>
+ <i>
  "marked up"
- </em>
+ </i>
  "term"
  </dt>
  <dd>
  "definitions hold inline markup"
  </dd>
  </dl>
  <h1>
  "Multi-paragraph items"
  </h1>
  <ul>
  <li>
  <p>
  "an item whose body has two paragraphs"
  </p>
  <p>
  "the second paragraph, indented under the bullet"
  </p>
  </li>
  <li>
  "a plain sibling"
  </li>
  </ul>
