---
source: tests/oracle.rs
expression: report
---
agreement: 45/54 skeleton lines (83.3%)
(- org-ssg, + emacs)

  <p>
  "Intro paragraph with a bare URL"
  <a href="https://example.com">
  "https://example.com"
  </a>
  "and some"
  <code>
  "inline code"
  </code>
  "."
  </p>
  <h1>
  "Ordered and checked"
  </h1>
  <ol>
  <li>
  "first item"
  </li>
  <li>
  "second item with"
- <em>
+ <i>
  "emphasis"
- </em>
+ </i>
  </li>
- </ol>
- <ul>
  <li>
- <input>
+ <code>
+ "[ ]"
+ </code>
  "todo item"
  </li>
  <li>
- <input>
+ <code>
+ "[X]"
+ </code>
  "done item"
  </li>
- </ul>
+ </ol>
  <h1>
  "Links and code"
  </h1>
  <p>
  "An external"
  <a href="https://example.org">
  "site"
  </a>
  "and a bare"
  <a href="https://bare.example">
  "https://bare.example"
  </a>
  "."
  </p>
  <pre>
- <code>
  "fn main() { println!(\"hello\"); }"
- </code>
  </pre>
