---
source: tests/oracle.rs
expression: report
---
agreement: 30/53 skeleton lines (56.6%)
deliberate: 29 line(s) — footnote-anchor-naming ×3, footnote-section-shape ×6, semantic-emphasis ×2
unexplained: 0 line(s)
(- org-ssg, + emacs, ~ a difference we mean to have)

  <p>
  "Text with a reference."
  <sup>
~ footnote-anchor-naming (1 line(s))
  "1"
  </a>
  </sup>
  "And a second one."
  <sup>
~ footnote-anchor-naming (1 line(s))
  "2"
  </a>
  </sup>
  </p>
  <p>
  "An inline footnote."
  <sup>
~ footnote-anchor-naming (1 line(s))
  "3"
  </a>
  </sup>
  </p>
~ footnote-section-shape (8 line(s))
  <p>
  "The first definition."
  </p>
~ footnote-section-shape (3 line(s))
  </a>
~ footnote-section-shape (2 line(s))
  <p>
  "The second definition, with"
~ semantic-emphasis (1 line(s))
  "emphasis"
~ semantic-emphasis (1 line(s))
  "."
  </p>
~ footnote-section-shape (3 line(s))
  </a>
~ footnote-section-shape (2 line(s))
  "defined right here"
~ footnote-section-shape (6 line(s))
