---
source: tests/oracle.rs
expression: report
---
agreement: 25/62 skeleton lines (40.3%)
(- org-ssg, + emacs)

  <h1>
  "Single"
  </h1>
  <p>
- "An active date"
- <time>
- "2024-01-15"
- </time>
- "and an inactive one"
- <time>
- "2024-01-15"
- </time>
- "."
+ "An active date <2024-01-15 Mon> and an inactive one [2024-01-15 Mon]."
  </p>
  <p>
- "With a time:"
- <time>
- "2024-01-15 10:30"
- </time>
- "."
+ "With a time: <2024-01-15 Mon 10:30>."
  </p>
  <h1>
  "Ranges"
  </h1>
  <p>
- "A same-day time range"
- <time>
- "2024-01-15 10:00"
- </time>
- "–"
- <time>
- "11:45"
- </time>
- "."
+ "A same-day time range <2024-01-15 Mon 10:00-11:45>."
  </p>
  <p>
- "A multi-day range"
- <time>
- "2024-01-15"
- </time>
- "–"
- <time>
- "2024-01-20"
- </time>
- "."
+ "A multi-day range <2024-01-15 Mon>–<2024-01-20 Sat>."
  </p>
  <h1>
  "Ignored decorations"
  </h1>
  <p>
- "A repeater is dropped:"
- <time>
- "2024-01-15"
- </time>
- "."
+ "A repeater is dropped: <2024-01-15 Mon +1w>."
  </p>
  <h1>
  "Not timestamps"
  </h1>
  <p>
  "Comparisons like 3 < 4 and [not a stamp] stay literal text."
  </p>
