---
source: tests/pipeline.rs
expression: "render_fixture(\"core.org\")"
---
<p>Intro paragraph with a bare URL <a href="https://example.com">https://example.com</a> and some <code>inline code</code>.</p>
<h1 id="ordered-and-checked">Ordered and checked</h1>
<ol>
<li>first item</li>
<li>second item with <em>emphasis</em></li>
</ol>
<ul>
<li><input type="checkbox" disabled> todo item</li>
<li><input type="checkbox" disabled checked> done item</li>
</ul>
<h1 id="links-and-code">Links and code</h1>
<p>An external <a href="https://example.org">site</a> and a bare <a href="https://bare.example">https://bare.example</a>.</p>
<pre><code class="language-rust">fn main() {
    println!("hello");
}</code></pre>
