---
source: tests/site.rs
expression: "page(&pages, \"guide.org\").html"
---
<!DOCTYPE html>
<html lang="en">
<head>
<meta charset="utf-8">
<meta name="viewport" content="width=device-width, initial-scale=1">
<title>Guide &middot; orgo site</title>
<link rel="stylesheet" href="syntax.css">
</head>
<body>
<header>
<a class="site-title" href="index.html">orgo site</a>
<nav>
<a href="about.html">About</a>
<a href="#">Guide</a>
<a href="index.html">Home</a>
</nav>
</header>
<main>
<h1>Guide</h1>
<nav class="toc" aria-label="Table of contents">
<h2>Contents</h2>
<ul>
<li><a href="#setup">Setup</a></li>
<li><a href="#data">Data</a></li>
</ul>
</nav>
<h2 id="setup">Setup</h2>
<p>Install the steps in order.<sup class="footnote-ref"><a id="fnr-1" href="#fn-1">1</a></sup> Then return <a href="index.html">home</a>.</p>
<h2 id="data">Data</h2>
<table>
<thead>
<tr><th>Name</th><th>Score</th></tr>
</thead>
<tbody>
<tr><td>alpha</td><td>10</td></tr>
<tr><td>beta</td><td>20</td></tr>
</tbody>
</table>
<section class="footnotes" aria-label="Footnotes">
<hr>
<ol>
<li id="fn-1"><p>Read the manual before you begin.</p>
 <a class="footnote-back" href="#fnr-1" aria-label="Back to reference 1">&#8617;</a></li>
</ol>
</section>
</main>
</body>
</html>
